{"synthetic": false,
 "schemaVersion": "2025-09-10",
 "outputs":
 {"o": ["ad6f2381722a45a3.olean"],
  "m": false,
  "i": "78b4ac12bd32a130.ilean",
  "c": "bb7d32fa30a13cab.c"},
 "log":
 [{"message":
   ".> LEAN_PATH=C:\\Users\\monar\\Documents\\antigravity\\resilient-turing\\formal_proofs_book\\.lake\\build\\lib\\lean c:\\Users\\monar\\.elan\\toolchains\\leanprover--lean4---v4.33.1\\bin\\lean.exe C:\\Users\\monar\\Documents\\antigravity\\resilient-turing\\formal_proofs_book\\Main.lean -o C:\\Users\\monar\\Documents\\antigravity\\resilient-turing\\formal_proofs_book\\.lake\\build\\lib\\lean\\Main.olean -i C:\\Users\\monar\\Documents\\antigravity\\resilient-turing\\formal_proofs_book\\.lake\\build\\lib\\lean\\Main.ilean -c C:\\Users\\monar\\Documents\\antigravity\\resilient-turing\\formal_proofs_book\\.lake\\build\\ir\\Main.c --setup C:\\Users\\monar\\Documents\\antigravity\\resilient-turing\\formal_proofs_book\\.lake\\build\\ir\\Main.setup.json --json",
   "level": "trace"}],
 "inputs":
 [["deps",
   [["UnifiedQuantumGravityBook/book_proofs:extraDep",
     [["@UnifiedQuantumGravityBook:extraDep", "00000000000006bb"]]],
    ["imports",
     [["Book.Chap01.FunctionalRealizations transitive imports (legacy)",
       "00000000000006bb"],
      ["Book.Chap01.FunctionalRealizations:importAllArts", "dbc05211d633487f"],
      ["Book.Chap02.GeometricFlows transitive imports (legacy)",
       "00000000000006bb"],
      ["Book.Chap02.GeometricFlows:importAllArts", "0fb9810abe99c5e6"],
      ["Book.Chap03.PascalSimplex transitive imports (legacy)",
       "00000000000006bb"],
      ["Book.Chap03.PascalSimplex:importAllArts", "22bf242b0e964159"],
      ["Book.Chap04.SimplicialWaves transitive imports (legacy)",
       "00000000000006bb"],
      ["Book.Chap04.SimplicialWaves:importAllArts", "a166627cda9726c0"],
      ["Book.Chap05.InterdimensionalTransforms transitive imports (legacy)",
       "00000000000006bb"],
      ["Book.Chap05.InterdimensionalTransforms:importAllArts",
       "c69f57651acab4b9"],
      ["Book.Chap06.SierpinskiFractal transitive imports (legacy)",
       "00000000000006bb"],
      ["Book.Chap06.SierpinskiFractal:importAllArts", "ecabe44df31111d7"],
      ["Book.Chap07.MinimaxCurvature transitive imports (legacy)",
       "00000000000006bb"],
      ["Book.Chap07.MinimaxCurvature:importAllArts", "311c4ce67a59164d"],
      ["Book.Chap08.NonEuclideanADM transitive imports (legacy)",
       "00000000000006bb"],
      ["Book.Chap08.NonEuclideanADM:importAllArts", "7ff50e2c52c170e2"],
      ["Book.Chap09.GlobalHomotopy transitive imports (legacy)",
       "00000000000006bb"],
      ["Book.Chap09.GlobalHomotopy:importAllArts", "dea4a3bd839ab715"],
      ["Book.Chap10.InformationGeometry transitive imports (legacy)",
       "00000000000006bb"],
      ["Book.Chap10.InformationGeometry:importAllArts", "4990e12cd235cc50"],
      ["Book.Chap11.EmergentSpacetime transitive imports (legacy)",
       "00000000000006bb"],
      ["Book.Chap11.EmergentSpacetime:importAllArts", "4cd45eb06e2cefd2"],
      ["Book.Chap12.GrandUnification transitive imports (legacy)",
       "00000000000006bb"],
      ["Book.Chap12.GrandUnification:importAllArts", "c4c7cc3a43564b94"],
      ["Book.Chap13.ExperimentalSignatures transitive imports (legacy)",
       "00000000000006bb"],
      ["Book.Chap13.ExperimentalSignatures:importAllArts",
       "abed8771791d404b"]]]]],
  ["libs",
   [["import dynlibs", "00000000000006bb"],
    ["package external libraries", "00000000000006bb"],
    ["module dynlibs", "00000000000006bb"],
    ["module plugins", "00000000000006bb"]]],
  ["Lean 4.33.1, commit 819816b2e0a3bf405af45ae5c7af2491d8f5bee6",
   "0051240b7c23c453"],
  ["C:\\Users\\monar\\Documents\\antigravity\\resilient-turing\\formal_proofs_book\\Main.lean",
   "196c1c47e219f6ba"],
  ["options", "00000000000006bb"],
  ["isModule: false", "feefd2a0d3a1847e"],
  ["Module.name: Main", "f2a1fd945cf30c62"],
  ["Package.id?: (some UnifiedQuantumGravityBook)", "83e1b5e1213ea61e"],
  ["Module.leanArgs: #[]", "00000000000006bb"]],
 "depHash": "eb7d646ba34804aa"}