{"synthetic": false,
 "schemaVersion": "2025-09-10",
 "outputs":
 {"o": ["748c865cf67a0d24.olean"],
  "m": false,
  "i": "1455c84a4af09fc2.ilean",
  "c": "7b43bccb084d1b42.c"},
 "log":
 [{"message":
   ".> LEAN_PATH=C:\\Users\\monar\\Documents\\antigravity\\resilient-turing\\formal_proofs_book\\.lake\\build\\lib\\lean c:\\Users\\monar\\.elan\\toolchains\\leanprover--lean4---v4.33.1\\bin\\lean.exe C:\\Users\\monar\\Documents\\antigravity\\resilient-turing\\formal_proofs_book\\Book\\Chap12\\GrandUnification.lean -o C:\\Users\\monar\\Documents\\antigravity\\resilient-turing\\formal_proofs_book\\.lake\\build\\lib\\lean\\Book\\Chap12\\GrandUnification.olean -i C:\\Users\\monar\\Documents\\antigravity\\resilient-turing\\formal_proofs_book\\.lake\\build\\lib\\lean\\Book\\Chap12\\GrandUnification.ilean -c C:\\Users\\monar\\Documents\\antigravity\\resilient-turing\\formal_proofs_book\\.lake\\build\\ir\\Book\\Chap12\\GrandUnification.c --setup C:\\Users\\monar\\Documents\\antigravity\\resilient-turing\\formal_proofs_book\\.lake\\build\\ir\\Book\\Chap12\\GrandUnification.setup.json --json",
   "level": "trace"},
  {"message":
   "Book/Chap12/GrandUnification.lean:65:3: Variable name `h_cov` is not explicitly referenced.\n\nHint: The binding can be removed (if unused) or named `_` (if used implicitly). Alternatively, prefix the name with `_` to silence this warning:\n  [apply] _h_cov\n\nNote: This linter can be disabled with `set_option linter.unusedVariables false`",
   "level": "warning"},
  {"message":
   "Book/Chap12/GrandUnification.lean:82:3: Variable name `h_fl` is not explicitly referenced.\n\nHint: The binding can be removed (if unused) or named `_` (if used implicitly). Alternatively, prefix the name with `_` to silence this warning:\n  [apply] _h_fl\n\nNote: This linter can be disabled with `set_option linter.unusedVariables false`",
   "level": "warning"},
  {"message":
   "Book/Chap12/GrandUnification.lean:83:3: Variable name `h_ws` is not explicitly referenced.\n\nHint: The binding can be removed (if unused) or named `_` (if used implicitly). Alternatively, prefix the name with `_` to silence this warning:\n  [apply] _h_ws\n\nNote: This linter can be disabled with `set_option linter.unusedVariables false`",
   "level": "warning"},
  {"message":
   "Book/Chap12/GrandUnification.lean:100:3: Variable name `h_h0` is not explicitly referenced.\n\nHint: The binding can be removed (if unused) or named `_` (if used implicitly). Alternatively, prefix the name with `_` to silence this warning:\n  [apply] _h_h0\n\nNote: This linter can be disabled with `set_option linter.unusedVariables false`",
   "level": "warning"},
  {"message":
   "Book/Chap12/GrandUnification.lean:116:3: Variable name `h_excise` is not explicitly referenced.\n\nHint: The binding can be removed (if unused) or named `_` (if used implicitly). Alternatively, prefix the name with `_` to silence this warning:\n  [apply] _h_excise\n\nNote: This linter can be disabled with `set_option linter.unusedVariables false`",
   "level": "warning"}],
 "inputs":
 [["deps",
   [["UnifiedQuantumGravityBook/Book:extraDep",
     [["@UnifiedQuantumGravityBook:extraDep", "00000000000006bb"]]],
    ["imports", "00000000000006bb"]]],
  ["libs",
   [["import dynlibs", "00000000000006bb"],
    ["package external libraries", "00000000000006bb"],
    ["module dynlibs", "00000000000006bb"],
    ["module plugins", "00000000000006bb"]]],
  ["Lean 4.33.1, commit 819816b2e0a3bf405af45ae5c7af2491d8f5bee6",
   "0051240b7c23c453"],
  ["C:\\Users\\monar\\Documents\\antigravity\\resilient-turing\\formal_proofs_book\\Book\\Chap12\\GrandUnification.lean",
   "b4fd35acbb261cbe"],
  ["options", "00000000000006bb"],
  ["isModule: false", "feefd2a0d3a1847e"],
  ["Module.name: Book.Chap12.GrandUnification", "798b4fb411e51213"],
  ["Package.id?: (some UnifiedQuantumGravityBook)", "83e1b5e1213ea61e"],
  ["Module.leanArgs: #[]", "00000000000006bb"]],
 "depHash": "8a451010b17336d8"}