{"synthetic": false,
 "schemaVersion": "2025-09-10",
 "outputs":
 {"o": ["30db0a9c859e9ab5.olean"],
  "m": false,
  "i": "4dec464758072c8e.ilean",
  "c": "f8edeb8f35db9219.c"},
 "log":
 [{"message":
   ".> LEAN_PATH=C:\\Users\\monar\\Documents\\antigravity\\resilient-turing\\formal_proofs_book\\.lake\\build\\lib\\lean c:\\Users\\monar\\.elan\\toolchains\\leanprover--lean4---v4.33.1\\bin\\lean.exe C:\\Users\\monar\\Documents\\antigravity\\resilient-turing\\formal_proofs_book\\Book\\Chap03\\PascalSimplex.lean -o C:\\Users\\monar\\Documents\\antigravity\\resilient-turing\\formal_proofs_book\\.lake\\build\\lib\\lean\\Book\\Chap03\\PascalSimplex.olean -i C:\\Users\\monar\\Documents\\antigravity\\resilient-turing\\formal_proofs_book\\.lake\\build\\lib\\lean\\Book\\Chap03\\PascalSimplex.ilean -c C:\\Users\\monar\\Documents\\antigravity\\resilient-turing\\formal_proofs_book\\.lake\\build\\ir\\Book\\Chap03\\PascalSimplex.c --setup C:\\Users\\monar\\Documents\\antigravity\\resilient-turing\\formal_proofs_book\\.lake\\build\\ir\\Book\\Chap03\\PascalSimplex.setup.json --json",
   "level": "trace"}],
 "inputs":
 [["deps",
   [["UnifiedQuantumGravityBook/Book:extraDep",
     [["@UnifiedQuantumGravityBook:extraDep", "00000000000006bb"]]],
    ["imports", "00000000000006bb"]]],
  ["libs",
   [["import dynlibs", "00000000000006bb"],
    ["package external libraries", "00000000000006bb"],
    ["module dynlibs", "00000000000006bb"],
    ["module plugins", "00000000000006bb"]]],
  ["Lean 4.33.1, commit 819816b2e0a3bf405af45ae5c7af2491d8f5bee6",
   "0051240b7c23c453"],
  ["C:\\Users\\monar\\Documents\\antigravity\\resilient-turing\\formal_proofs_book\\Book\\Chap03\\PascalSimplex.lean",
   "0c6b04faf41fb07e"],
  ["options", "00000000000006bb"],
  ["isModule: false", "feefd2a0d3a1847e"],
  ["Module.name: Book.Chap03.PascalSimplex", "160f6d0db33bb1a6"],
  ["Package.id?: (some UnifiedQuantumGravityBook)", "83e1b5e1213ea61e"],
  ["Module.leanArgs: #[]", "00000000000006bb"]],
 "depHash": "c7509c83ffab3e7e"}