{"synthetic": false,
 "schemaVersion": "2025-09-10",
 "outputs":
 {"o": ["a5d8ba1d7482138c.olean"],
  "m": false,
  "i": "8edff10fa1b1f286.ilean",
  "c": "35674da256202ee1.c"},
 "log":
 [{"message":
   ".> LEAN_PATH=C:\\Users\\monar\\Documents\\antigravity\\resilient-turing\\formal_proofs_book\\.lake\\build\\lib\\lean c:\\Users\\monar\\.elan\\toolchains\\leanprover--lean4---v4.33.1\\bin\\lean.exe C:\\Users\\monar\\Documents\\antigravity\\resilient-turing\\formal_proofs_book\\Book\\Chap10\\InformationGeometry.lean -o C:\\Users\\monar\\Documents\\antigravity\\resilient-turing\\formal_proofs_book\\.lake\\build\\lib\\lean\\Book\\Chap10\\InformationGeometry.olean -i C:\\Users\\monar\\Documents\\antigravity\\resilient-turing\\formal_proofs_book\\.lake\\build\\lib\\lean\\Book\\Chap10\\InformationGeometry.ilean -c C:\\Users\\monar\\Documents\\antigravity\\resilient-turing\\formal_proofs_book\\.lake\\build\\ir\\Book\\Chap10\\InformationGeometry.c --setup C:\\Users\\monar\\Documents\\antigravity\\resilient-turing\\formal_proofs_book\\.lake\\build\\ir\\Book\\Chap10\\InformationGeometry.setup.json --json",
   "level": "trace"},
  {"message":
   "Book/Chap10/InformationGeometry.lean:51:3: Variable name `h_micro` is not explicitly referenced.\n\nHint: The binding can be removed (if unused) or named `_` (if used implicitly). Alternatively, prefix the name with `_` to silence this warning:\n  [apply] _h_micro\n\nNote: This linter can be disabled with `set_option linter.unusedVariables false`",
   "level": "warning"},
  {"message":
   "Book/Chap10/InformationGeometry.lean:94:3: Variable name `h_stiefel` is not explicitly referenced.\n\nHint: The binding can be removed (if unused) or named `_` (if used implicitly). Alternatively, prefix the name with `_` to silence this warning:\n  [apply] _h_stiefel\n\nNote: This linter can be disabled with `set_option linter.unusedVariables false`",
   "level": "warning"},
  {"message":
   "Book/Chap10/InformationGeometry.lean:109:3: Variable name `h_cheb` is not explicitly referenced.\n\nHint: The binding can be removed (if unused) or named `_` (if used implicitly). Alternatively, prefix the name with `_` to silence this warning:\n  [apply] _h_cheb\n\nNote: This linter can be disabled with `set_option linter.unusedVariables false`",
   "level": "warning"}],
 "inputs":
 [["deps",
   [["UnifiedQuantumGravityBook/Book:extraDep",
     [["@UnifiedQuantumGravityBook:extraDep", "00000000000006bb"]]],
    ["imports", "00000000000006bb"]]],
  ["libs",
   [["import dynlibs", "00000000000006bb"],
    ["package external libraries", "00000000000006bb"],
    ["module dynlibs", "00000000000006bb"],
    ["module plugins", "00000000000006bb"]]],
  ["Lean 4.33.1, commit 819816b2e0a3bf405af45ae5c7af2491d8f5bee6",
   "0051240b7c23c453"],
  ["C:\\Users\\monar\\Documents\\antigravity\\resilient-turing\\formal_proofs_book\\Book\\Chap10\\InformationGeometry.lean",
   "e12dc3ce291300d2"],
  ["options", "00000000000006bb"],
  ["isModule: false", "feefd2a0d3a1847e"],
  ["Module.name: Book.Chap10.InformationGeometry", "29f552c8b3c68b55"],
  ["Package.id?: (some UnifiedQuantumGravityBook)", "83e1b5e1213ea61e"],
  ["Module.leanArgs: #[]", "00000000000006bb"]],
 "depHash": "187126c934fd4917"}