{"synthetic": false,
 "schemaVersion": "2025-09-10",
 "outputs": "5353d801545cf4b4.exe",
 "log":
 [{"message":
   ".> c:\\Users\\monar\\.elan\\toolchains\\leanprover--lean4---v4.33.1\\bin\\clang.exe -o C:\\Users\\monar\\Documents\\antigravity\\resilient-turing\\formal_proofs_book\\.lake\\build\\bin\\book_proofs.exe @C:\\Users\\monar\\Documents\\antigravity\\resilient-turing\\formal_proofs_book\\.lake\\build\\bin\\book_proofs.exe.rsp",
   "level": "trace"}],
 "inputs":
 [["Main:linkInfo",
   [["Module.moreLinkObjs",
     [["C:\\Users\\monar\\Documents\\antigravity\\resilient-turing\\formal_proofs_book\\.lake\\build\\ir\\Main.c.o.noexport",
       "2df1ca3431116418"],
      ["C:\\Users\\monar\\Documents\\antigravity\\resilient-turing\\formal_proofs_book\\.lake\\build\\ir\\Book\\Chap01\\FunctionalRealizations.c.o.noexport",
       "270aa4180cfaa348"],
      ["C:\\Users\\monar\\Documents\\antigravity\\resilient-turing\\formal_proofs_book\\.lake\\build\\ir\\Book\\Chap02\\GeometricFlows.c.o.noexport",
       "928cd7760e9023a7"],
      ["C:\\Users\\monar\\Documents\\antigravity\\resilient-turing\\formal_proofs_book\\.lake\\build\\ir\\Book\\Chap03\\PascalSimplex.c.o.noexport",
       "7fa82dcf1004698b"],
      ["C:\\Users\\monar\\Documents\\antigravity\\resilient-turing\\formal_proofs_book\\.lake\\build\\ir\\Book\\Chap04\\SimplicialWaves.c.o.noexport",
       "322da6192fba0418"],
      ["C:\\Users\\monar\\Documents\\antigravity\\resilient-turing\\formal_proofs_book\\.lake\\build\\ir\\Book\\Chap05\\InterdimensionalTransforms.c.o.noexport",
       "978302dd38e2789e"],
      ["C:\\Users\\monar\\Documents\\antigravity\\resilient-turing\\formal_proofs_book\\.lake\\build\\ir\\Book\\Chap06\\SierpinskiFractal.c.o.noexport",
       "3c003c12b899b329"],
      ["C:\\Users\\monar\\Documents\\antigravity\\resilient-turing\\formal_proofs_book\\.lake\\build\\ir\\Book\\Chap07\\MinimaxCurvature.c.o.noexport",
       "8347654597b9e3ad"],
      ["C:\\Users\\monar\\Documents\\antigravity\\resilient-turing\\formal_proofs_book\\.lake\\build\\ir\\Book\\Chap08\\NonEuclideanADM.c.o.noexport",
       "279d708f317555fb"],
      ["C:\\Users\\monar\\Documents\\antigravity\\resilient-turing\\formal_proofs_book\\.lake\\build\\ir\\Book\\Chap09\\GlobalHomotopy.c.o.noexport",
       "b910029325a1af9a"],
      ["C:\\Users\\monar\\Documents\\antigravity\\resilient-turing\\formal_proofs_book\\.lake\\build\\ir\\Book\\Chap10\\InformationGeometry.c.o.noexport",
       "b3061ec22b501517"],
      ["C:\\Users\\monar\\Documents\\antigravity\\resilient-turing\\formal_proofs_book\\.lake\\build\\ir\\Book\\Chap11\\EmergentSpacetime.c.o.noexport",
       "3c896883f02d4991"],
      ["C:\\Users\\monar\\Documents\\antigravity\\resilient-turing\\formal_proofs_book\\.lake\\build\\ir\\Book\\Chap12\\GrandUnification.c.o.noexport",
       "0b6bf3d1886dd945"],
      ["C:\\Users\\monar\\Documents\\antigravity\\resilient-turing\\formal_proofs_book\\.lake\\build\\ir\\Book\\Chap13\\ExperimentalSignatures.c.o.noexport",
       "9f718079c0f306dd"]]],
    ["Module.moreLinkLibs", "00000000000006bb"],
    ["Module.moreLinkArgs: #[]", "00000000000006bb"]]],
  ["LeanExe.exeOnlyLinkArgs: #[-Wl,--whole-archive, -lleanmanifest, -Wl,--no-whole-archive]",
   "d9dc93f51f923c09"],
  ["Lean 4.33.1, commit 819816b2e0a3bf405af45ae5c7af2491d8f5bee6",
   "0051240b7c23c453"],
  ["x86_64-w64-windows-gnu", "360db333d006d911"]],
 "depHash": "f07690264f1ff804"}